// Jest Snapshot v1, https://goo.gl/fbAQLP

exports[`Webengage should match snapshot 1`] = `
<Fragment>
  <Spacer
    token="m"
  />
  <Analytics
    id="webengage"
    targets={
      Object {
        "requests": Object {
          "custom-attributes": Object {
            "baseUrl": "\${base}&eventName=Amp Article View&ArticleTitle=ஆடைகளை ஊடுருவி படம் எடுக்கிறதா ஒன்ப்ளஸ் 8 ப்ரோ கேமரா... உண்மை என்ன? #VikatanAnalysis&ArticleId=ffa539a0-46f4-4309-8a13-dd1d6dfd8b6e&Category=technology&SubCategory=gadgets&Author=ம.காசி விஸ்வநாதன்&ArticleType=&tags=one plus,apple,technology,smart phones,gadgets,Spy Camera&event=pageview",
          },
        },
        "triggers": Object {
          "custom-attributesTrigger": Object {
            "on": "visible",
            "request": "custom-attributes",
          },
        },
        "vars": Object {
          "licenseCode": "~134105365",
          "region": "us",
        },
      }
    }
    type="webengage"
  />
  <Component
    helper-iframe-url="https://www.vikatan.com/amp/api/v1/amp-web-push-helper-frame.html"
    id="amp-web-push"
    permission-dialog-url="https://www.vikatan.com/amp/api/v1/amp-permission-dialog-web-engage.html"
    service-worker-url="https://www.vikatan.com/amp/api/v1/amp-service-worker-web-engage.js"
  />
  <Component
    height="60px"
    visibility="unsubscribed"
    width="350px"
  >
    <WithTheme(Component)
      on="tap:amp-web-push.subscribe"
    />
  </Component>
</Fragment>
`;
