// Jest Snapshot v1, https://goo.gl/fbAQLP

exports[`Webengage should match snapshot 1`] = `
<Fragment>
  <Component>
    <script
      custom-element="amp-analytics"
      src="https://cdn.ampproject.org/v0/amp-analytics-0.1.js"
    />
  </Component>
  <amp-analytics
    id="webengage"
    type="webengage"
  >
    <script
      type="application/json"
    >
      {"vars":{"licenseCode":"~134105365","region":"us"},"requests":{"custom-attributes":{"baseUrl":"\${base}&eventName=Amp Article View&ArticleTitle=எடப்பாடி ஆட்சி, ரஜினி - கமல் அரசியல்... ஆந்திராவிலிருந்து ரோஜா ஸ்பெஷல் பேட்டி!&ArticleId=739ac241-69a1-4d2a-b136-37bd45c42e8a&Category=government and politics&SubCategory=politics&Author=ஆர்.பி.&ArticleType=&tags=Edappadi Palanisamy,y. s. jaganmohan reddy,actress roja,politics,ysr congress&event=pageview"}},"triggers":{"custom-attributesTrigger":{"on":"visible","request":"custom-attributes"}}}
    </script>
  </amp-analytics>
  <Component
    helper-iframe-url="https://www.vikatan.com/api/amp-web-push-helper-frame.html?version=1"
    id="amp-web-push"
    permission-dialog-url="https://www.vikatan.com/api/amp-permission-dialog-web-engage.html?version=1"
    service-worker-url="https://www.vikatan.com/api/amp-service-worker-web-engage.js?licensecode=~134105365&version=1"
  />
  <Component
    height="60px"
    visibility="unsubscribed"
    width="350px"
  >
    <WithTheme(Component)
      on="tap:amp-web-push.subscribe"
    />
  </Component>
</Fragment>
`;
