// Jest Snapshot v1, https://goo.gl/fbAQLP

exports[`Blurb should render default 1`] = `
<styled.blockquote>
  In general—and this is a good P.S.A. reminder for everyone—if you are symptomatic, you are supposed to stay home for seven days, or three days past whenever your symptoms resolve, whichever one of those is longest.
</styled.blockquote>
`;

exports[`Blurb should render without metadata 1`] = `
<styled.blockquote
  as="div"
  dangerouslySetInnerHTML={
    Object {
      "__html": "<blockquote>In general—and this is a good P.S.A. reminder for everyone—if you are symptomatic, you are supposed to stay home for seven days, or three days past whenever your symptoms resolve, whichever one of those is longest.</blockquote>",
    }
  }
/>
`;
