// Jest Snapshot v1, https://goo.gl/fbAQLP

exports[`CoverPage Component should match snapshot 1`] = `
<Fragment>
  <Component
    id="cover"
  >
    <amp-story-grid-layer
      template="fill"
    >
      <Component
        alt=" <p>Masked woman</p>"
        animate-in="zoom-in"
        animate-in-delay="1s"
        animate-in-duration="10s"
        aspectRatio={
          Array [
            480,
            640,
          ]
        }
        class="qt-amp-visual-story-img-cover"
        lightbox={false}
        metadata={
          Object {
            "file-name": "erin-agius-I7TLmA4j0c8-unsplash.jpg",
            "file-size": 4016993,
            "height": 8688,
            "mime-type": "image/jpeg",
            "width": 5792,
          }
        }
        slug="amplib/2020-10/6adaf26f-3b7b-45e0-9973-6f99abeecf5d/erin_agius_I7TLmA4j0c8_unsplash.jpg"
      />
    </amp-story-grid-layer>
    <Component>
      <style>
        
            .padding-top {
              padding-top: 20px;
            }
          
      </style>
    </Component>
    <amp-story-grid-layer
      class=" padding-top"
      template="vertical"
    >
      <styled.div>
        <Component
          visualStoryConfig={
            Object {
              "logoAlignment": undefined,
              "logoAlignmentThemeBased": undefined,
              "logoUrl": undefined,
              "logoUrlThemeBased": undefined,
            }
          }
        />
      </styled.div>
    </amp-story-grid-layer>
    <amp-story-grid-layer
      template="thirds"
    >
      <styled.div>
        <div>
          <styled.h1
            className="qt-amp-visual-story-cover-headline"
          >
            Pets are awesome
          </styled.h1>
          <Spacer
            token="xs"
          />
          <styled.p>
            Amogh Sahasrabhojanee
          </styled.p>
        </div>
      </styled.div>
    </amp-story-grid-layer>
  </Component>
</Fragment>
`;
