// Jest Snapshot v1, https://goo.gl/fbAQLP

exports[`WebPush should render 1`] = `
<Fragment>
  <HelmetWrapper
    defer={true}
    encodeSpecialCharacters={true}
  >
    <script
      custom-element="amp-web-push"
      src="https://cdn.ampproject.org/v0/amp-web-push-0.1.js"
    />
  </HelmetWrapper>
  <amp-web-push
    helper-iframe-url="https://foo.com/a"
    layout="nodisplay"
    permission-dialog-url="https://foo.com/b"
    service-worker-url="https://foo.com/c"
  />
</Fragment>
`;
