// Jest Snapshot v1, https://goo.gl/fbAQLP

exports[`BlockQuote should render default 1`] = `
<styled.div>
  <styled.blockquote>
    People talk about jails and prisons being incubators for infection. How does that work exactly on Rikers?
  </styled.blockquote>
  <Spacer
    token="s"
  />
  <styled.span>
    Attribution
  </styled.span>
</styled.div>
`;

exports[`BlockQuote should render without metadata 1`] = `
<styled.div
  dangerouslySetInnerHTML={
    Object {
      "__html": "<div><blockquote>This is a blockquote</blockquote><span class='attribution'>Attribution</span></div>",
    }
  }
/>
`;
