// Jest Snapshot v1, https://goo.gl/fbAQLP

exports[`LightboxGallery should render 1`] = `
<HelmetWrapper
  defer={true}
  encodeSpecialCharacters={true}
>
  <script
    custom-element="amp-lightbox-gallery"
    src="https://cdn.ampproject.org/v0/amp-lightbox-gallery-0.1.js"
  />
</HelmetWrapper>
`;
