// Jest Snapshot v1, https://goo.gl/fbAQLP

exports[`BlockQuote should render default 1`] = `
<styled.div
  textDirection="ltr"
>
  <styled.blockquote
    textDirection="ltr"
  >
    People talk about jails and prisons being incubators for infection. How does that work exactly on Rikers?
  </styled.blockquote>
  <Spacer
    token="s"
  />
  <styled.span>
    Attribution
  </styled.span>
</styled.div>
`;
