// Jest Snapshot v1, https://goo.gl/fbAQLP

exports[`HamburgerMenu should render 1`] = `
<Fragment>
  <HelmetWrapper
    defer={true}
    encodeSpecialCharacters={true}
  >
    <script
      custom-element="amp-sidebar"
      src="https://cdn.ampproject.org/v0/amp-sidebar-1.0.js"
    />
  </HelmetWrapper>
  <styled.div>
    <amp-sidebar
      id="sidebar"
      layout="nodisplay"
      on="sidebarClose:nested-menu.reset"
      style={
        Object {
          "width": "250px",
        }
      }
    >
      <styled.div>
        <amp-nested-menu
          id="nested-menu"
          layout="fill"
        >
          <styled.ul>
            <Component />
          </styled.ul>
        </amp-nested-menu>
      </styled.div>
    </amp-sidebar>
  </styled.div>
</Fragment>
`;
