// Jest Snapshot v1, https://goo.gl/fbAQLP

exports[`Title should render default 1`] = `
<Component
  config={Object {}}
  element={
    Object {
      "description": "",
      "family-id": "65d7db11-3fd5-4cf7-bcf3-a55b70b49e8a",
      "id": "5737bdd7-bdce-4396-9318-9ac8007f0970",
      "metadata": Object {},
      "page-url": "/story/af018d6b-2166-4344-b167-40405a148e41/element/5737bdd7-bdce-4396-9318-9ac8007f0970",
      "subtype": null,
      "text": "This is a title",
      "title": "",
      "type": "title",
    }
  }
  story={Object {}}
/>
`;
