// Jest Snapshot v1, https://goo.gl/fbAQLP

exports[`WebengageSubscribeButton should match snapshot 1`] = `
<styled.button
  aria-label="bell icon"
>
  <Component
    color="currentColor"
  />
  <Spacer
    align="horizontal"
    token="m"
  />
  <styled.span>
    Subscribe to instant updates
  </styled.span>
</styled.button>
`;
