// Jest Snapshot v1, https://goo.gl/fbAQLP

exports[`QAndA should match snapshot 1`] = `
<Component
  config={Object {}}
  element={
    Object {
      "description": "",
      "family-id": "bd3f685e-849a-49ad-b09c-ea7580b06f9d",
      "id": "022dbe70-c654-49f1-ab5b-bf5c9b80fd19",
      "metadata": Object {
        "answer": "<p>this is a q&amp;a element answer</p>",
        "question": "<p>this is a q&amp;a element question</p>",
      },
      "page-url": "/story/8c99ab25-1df2-4739-9bac-5b580ad5c337/element/022dbe70-c654-49f1-ab5b-bf5c9b80fd19",
      "subtype": "q-and-a",
      "text": "<div><div class=\\"question\\"><p>this is a q&amp;a element question</p></div><div class=\\"answer\\"><p>this is a q&amp;a element answer</p></div></div>",
      "title": "",
      "type": "text",
    }
  }
  story={Object {}}
/>
`;
