// Jest Snapshot v1, https://goo.gl/fbAQLP

exports[`Fonts component Should match snapshot 1`] = `
<HelmetWrapper
  defer={true}
  encodeSpecialCharacters={true}
>
  <link
    crossorigin="anonymous"
    href="https://fonts.gstatic.com"
    rel="preconnect dns-prefetch"
  />
  <link
    as="style"
    crossorigin="anonymous"
    href="https://fonts.googleapis.com/css?family=Mukta+Malar:300,400,600,700&display=swap"
    rel="preload"
  />
  <link
    as="style"
    crossorigin="anonymous"
    href="https://fonts.googleapis.com/css?family=Mukta+Malar:400,400italic,700,700italic&display=swap"
    rel="preload"
  />
  <link
    as="style"
    crossorigin="anonymous"
    href={null}
    rel="preload"
  />
</HelmetWrapper>
`;
