// Jest Snapshot v1, https://goo.gl/fbAQLP

exports[`RelatedStoryCard should render default 1`] = `
<styled.div>
  <styled.a
    href="https://www.barandbench.com/news/governor-must-bear-in-mind-that-purpose-of-ordering-trust-vote-is-not-to-displace-governments-sc-on-madhya-pradesh-political-crisis"
  >
    <ImageForStory
      altText="image"
      aspectRatio={
        Array [
          16,
          9,
        ]
      }
      fallbackSrc="#"
      metadata={
        Object {
          "file-name": "SC Leaders.jpg",
          "file-size": 1105549,
          "focus-point": Array [
            1411,
            1242,
          ],
          "height": 1934,
          "mime-type": "image/jpeg",
          "width": 2560,
        }
      }
      s3Key="barandbench/2020-03/980fbb13-7d99-46bf-b9d1-8fcbe0aa17c1/SC_Leaders.jpg"
    />
    <styled.h1>
      Governor must bear in mind that purpose of ordering trust vote is not to displace governments: SC on Madhya Pradesh Political Crisis
    </styled.h1>
    <Component
      formattedDate="13th Apr, 2020 at 5:37 PM"
    />
    <Spacer
      token="s"
    />
  </styled.a>
</styled.div>
`;
