// Jest Snapshot v1, https://goo.gl/fbAQLP

exports[`RelatedStoryCard should render default 1`] = `
<styled.div>
  <styled.a
    href="https://www.barandbench.com/news/governor-must-bear-in-mind-that-purpose-of-ordering-trust-vote-is-not-to-displace-governments-sc-on-madhya-pradesh-political-crisis"
  >
    <Component
      alt="image"
      metadata={null}
      opts={
        Object {
          "format": "auto",
        }
      }
      slug={null}
      srcSetOpts={
        Object {
          "format": "auto",
        }
      }
      useFallbackImage={true}
    />
    <styled.h1>
      Governor must bear in mind that purpose of ordering trust vote is not to displace governments: SC on Madhya Pradesh Political Crisis
    </styled.h1>
    <Component
      formattedDate="13th Apr, 2020 at 5:37 PM"
    />
    <Spacer
      token="s"
    />
  </styled.a>
</styled.div>
`;
