// Jest Snapshot v1, https://goo.gl/fbAQLP

exports[`Youtube should render default 1`] = `
<Fragment>
  <HelmetWrapper
    defer={true}
    encodeSpecialCharacters={true}
  >
    <script
      custom-element="amp-youtube"
      src="https://cdn.ampproject.org/v0/amp-youtube-0.1.js"
    />
  </HelmetWrapper>
  <amp-youtube
    amp-access="loggedIn"
    data-videoid="jlEbFvGwcUc"
    height="270"
    layout="responsive"
    width="480"
  />
</Fragment>
`;
